../drivers/Src/stm32f407xx_usart_driver.c:26:10:RCC_GetPLLOutputClock	4	static
../drivers/Src/stm32f407xx_usart_driver.c:38:10:RCC_GetPCLK1Value	24	static
../drivers/Src/stm32f407xx_usart_driver.c:80:10:RCC_GetPCLK2Value	24	static
../drivers/Src/stm32f407xx_usart_driver.c:116:6:USART_SetBaudRate	40	static
../drivers/Src/stm32f407xx_usart_driver.c:193:6:USART_Init	24	static
../drivers/Src/stm32f407xx_usart_driver.c:307:6:USART_PeripheralControl	16	static
../drivers/Src/stm32f407xx_usart_driver.c:345:6:USART_PeriClockControl	16	static
../drivers/Src/stm32f407xx_usart_driver.c:416:9:USART_GetFlagStatus	16	static
../drivers/Src/stm32f407xx_usart_driver.c:440:6:USART_SendData	32	static
../drivers/Src/stm32f407xx_usart_driver.c:503:6:USART_ReceiveData	32	static
../drivers/Src/stm32f407xx_usart_driver.c:578:9:USART_SendDataIT	32	static
../drivers/Src/stm32f407xx_usart_driver.c:616:9:USART_ReceiveDataIT	32	static
../drivers/Src/stm32f407xx_usart_driver.c:654:6:USART_ClearFlag	16	static
../drivers/Src/stm32f407xx_usart_driver.c:674:6:USART_IRQInterruptConfig	16	static
../drivers/Src/stm32f407xx_usart_driver.c:729:6:USART_IRQPriorityConfig	24	static
../drivers/Src/stm32f407xx_usart_driver.c:755:6:USART_IRQHandling	32	static
../drivers/Src/stm32f407xx_usart_driver.c:1058:13:USART_ApplicationEventCallback	16	static
